// Jest Snapshot v1, https://goo.gl/fbAQLP

exports[`App Renders as expected 1`] = `
<div
  className="App"
>
  <h2>
    Surreal Estate
  </h2>
  <div
    className="navbar"
  >
    <img
      alt="logo"
      className="navbar-logo"
      src="logo.png"
    />
    <ul
      className="navbar-links"
    >
      <li
        className="navbar-links-item classVP"
      >
        <a
          className="item"
          href="/"
          onClick={[Function]}
        >
          View Properties
        </a>
      </li>
      <li
        className="navbar-links-item"
      >
        <a
          className="item"
          href="/add-property"
          onClick={[Function]}
        >
          Add a Property
        </a>
      </li>
    </ul>
  </div>
  <div
    className="properties"
  >
    <div
      className="column left"
    >
      <div
        className="side-bar"
      >
        <ul
          className="side-bar-links"
        >
          <h4>
            Filter by City:
          </h4>
          <li
            className="side-bar-links-item"
          >
            <a
              className="item"
              href="/"
              onClick={[Function]}
            >
              All
            </a>
          </li>
          <li
            className="side-bar-links-item"
          >
            <a
              className="item"
              href="/?query={\\"city\\":\\"Manchester\\"}"
              onClick={[Function]}
            >
              Manchester
            </a>
          </li>
          <li
            className="side-bar-links-item"
          >
            <a
              className="item"
              href="/?query={\\"city\\":\\"Leeds\\"}"
              onClick={[Function]}
            >
              Leeds
            </a>
          </li>
          <li
            className="side-bar-links-item"
          >
            <a
              className="item"
              href="/?query={\\"city\\":\\"Sheffield\\"}"
              onClick={[Function]}
            >
              Sheffield
            </a>
          </li>
          <li
            className="side-bar-links-item"
          >
            <a
              className="item"
              href="/?query={\\"city\\":\\"Liverpool\\"}"
              onClick={[Function]}
            >
              Liverpool
            </a>
          </li>
          <h4>
            Sort by:
          </h4>
          <li
            className="side-bar-links-item"
          >
            <a
              className="item"
              href="/?sort={\\"price\\":1}"
              onClick={[Function]}
            >
              Price Ascending
            </a>
          </li>
          <li
            className="side-bar-links-item"
          >
            <a
              className="item"
              href="/?sort={\\"price\\":-1}"
              onClick={[Function]}
            >
              Price Descending
            </a>
          </li>
        </ul>
      </div>
    </div>
    <div
      className="column right"
    />
  </div>
</div>
`;
