// Jest Snapshot v1, https://goo.gl/fbAQLP

exports[`NavBar Renders as expected 1`] = `
<div
  className="navbar"
>
  <img
    alt="logo"
    className="navbar-logo"
    src="logo.png"
  />
  <ul
    className="navbar-links"
  >
    <li
      className="navbar-links-item"
    >
      <a
        href="/"
        onClick={[Function]}
      >
        <a
          href="/"
        >
          View Properties
        </a>
      </a>
    </li>
    <li
      className="navbar-links-item"
    >
      <a
        href="/add-property"
        onClick={[Function]}
      >
        <a
          href="add-property"
        >
          Add a Property
        </a>
      </a>
    </li>
  </ul>
</div>
`;
